[1m[4mfilepath [0m[1m[4m[7mlines [0m
stdin    [7m    4[0m 
