[1m[4mhumanize_id('foo') [0m[1m[4mhumanize_id('bar') [0m
foo                bar                
