[1m[4mlog_line [0m[1m[4mlog_part [0m[1m[4m       log_time         [0m[1m[4m[7mlog_idle_msecs [0m[1m[4mlog_level [0m[1m[4mlog_mark [0m[1m[4mlog_comment [0m[1m[4mlog_tags [0m[1m[4mlog_annotations [0m[1m[4mlog_filters [0m[1m[4m     c_ip       [0m[1m[4mcs_method [0m[1m[4mcs_referer [0m[1m[4mcs_uri_query [0m[1m[4m cs_uri_stem   [0m[1m[4mcs_user_agent [0m[1m[4mcs_username [0m[1m[4mcs_version [0m[1m[4m[7msc_bytes [0m[1m[4msc_status [0m[1m[4mcs_host [0m
[7m       0[0m[7m [0m[7m  <NULL>[0m[7m [0m[7m2009-07-20 22:59:26.000[0m[7m [0m[1m[7m             0[0m[7m [0m[7minfo     [0m[7m [0m[7m       0[0m[7m [0m[7m     <NULL>[0m[7m [0m[7m  <NULL>[0m[7m [0m[7m         <NULL>[0m[7m [0m[7m     <NULL>[0m[7m [0m[7m192.168.202.254[0m[7m [0m[7mGET      [0m[7m [0m[7m-         [0m[7m [0m[7m      <NULL>[0m[7m [0m[7m/vmw/cgi/tramp[0m[7m [0m[7mgPXE/0.9.7   [0m[7m [0m[7m-          [0m[7m [0m[7mHTTP/1.0  [0m[7m [0m[1m[7m     134[0m[7m [0m[7m      200[0m[7m [0m[7m <NULL[0m> 
