
[2013-09-06T20:00:48.124] â‹® <c.e.foo.bar.bazzer  > trace test

[2013-09-06T20:00:49.124] â‹® <com.example.demo    > Starting up [32mservice[0m

[2013-09-06T22:00:49.124] â‹® Shutting down service
  user: steve@example.com

[2013-09-06T22:00:59.124] â‹® [1mD[0metails...

[2013-09-06T22:00:59.124] â‹® [1mDe[0mtails...

[2013-09-06T22:00:59.124] â‹® Details...

[2013-09-06T22:00:59.124] â‹® Details...

[2013-09-06T22:01:00.000] â‹® Details...

[2013-09-06T22:01:49.124] â‹® 1 beat per second

[33m[[0m[33m2013-09-06T22:01:49.124[0m[33m] [0m[33mâ‹®[0m[33m [0m[33mnot looking good[0m

[31m[[0m[31m2013-09-06T22:01:49.124[0m[31m] [0m[31mâ‹®[0m[31m [0m[31mlooking bad[0m

[31m[[0m[31m2013-09-06T22:01:49.124[0m[31m] [0m[31mâ‹®[0m[31m [0m[31msooo bad[0m

[31m[[0m[31m2013-09-06T22:01:49.124[0m[31m] [0m[31mâ‹®[0m[31m [0m[31mshoot[0m
[31m  obj: { "field1" : "hi", "field2": 2 }[0m
[31m  arr: ["hi", {"sub1": true}][0m
